[superadmin] ok (Tanpa grup) > Dasbor rows=0 
[superadmin] ok Administration > Pengguna rows=1 
[superadmin] ok Administration > Catatan Aktivitas rows=10 
[superadmin] ok Jobdesk > Modul & Hak Akses rows=0 
[superadmin] ok Platform > Fakultas / Tenant rows=1 
[admin_fakultas] FAIL (Tanpa grup) > Beranda rows=0 Failed to load resource: the server responded with a status of 404 (Not Found) | HTTP 404
[admin_fakultas] ok Sidang > Pendaftaran Sidang rows=2 
[admin_fakultas] ok Sidang > Jadwal Sidang rows=2 
[admin_fakultas] ok Sidang > Hasil Sidang rows=2 
[admin_fakultas] ok Sidang > Berita Acara rows=2 
[admin_fakultas] ok Dokumen TA > Tugas Akhir rows=3 
[admin_fakultas] ok Dokumen TA > Dokumen TA rows=10 
[admin_fakultas] ok Dokumen TA > Struktur Bab rows=8 
[admin_fakultas] ok Dokumen TA > Progres TA rows=10 
[admin_fakultas] ok Dokumen TA > Repositori TA rows=2 
[admin_fakultas] ok Dokumen TA > Siklus Revisi rows=1 
[admin_fakultas] ok Surat > Pengajuan Surat rows=4 
[admin_fakultas] ok Surat > Riwayat Approval rows=6 
[admin_fakultas] ok Surat > Dokumen Surat rows=3 
[admin_fakultas] ok Surat > Distribusi rows=2 
[admin_fakultas] ok Surat > Arsip Surat rows=2 
[admin_fakultas] ok Surat > Nomor Surat rows=3 
[admin_fakultas] ok Surat > Log Verifikasi rows=5 
[admin_fakultas] ok Surat > Token Verifikasi rows=3 
[admin_fakultas] ok Surat > Jenis Surat rows=1 
[admin_fakultas] ok Surat > Form Field Surat rows=5 
[admin_fakultas] ok Surat > Template Surat rows=1 
[admin_fakultas] ok Surat > Sequence Nomor rows=1 
[admin_fakultas] ok Surat > Alur Approval rows=1 
[admin_fakultas] ok Surat > Langkah Approval rows=3 
[admin_fakultas] ok Monitoring > Alert Akademik rows=2 
[admin_fakultas] ok Monitoring > Eskalasi rows=1 
[admin_fakultas] ok Monitoring > Snapshot Evaluasi rows=4 
[admin_fakultas] ok Data Master > Profil Fakultas rows=1 
[admin_fakultas] ok Data Master > Program Studi rows=2 
[admin_fakultas] ok Data Master > Mahasiswa rows=4 
[admin_fakultas] ok Data Master > Dosen rows=7 
[admin_fakultas] ok Data Master > Mata Kuliah rows=2 
[admin_fakultas] ok Data Master > Kurikulum rows=1 
[admin_fakultas] ok Data Master > Ruangan rows=2 
[admin_fakultas] ok Data Master > Tahun Akademik rows=1 
[admin_fakultas] ok Data Master > Semester rows=1 
[admin_fakultas] ok Data Master > Rumpun Ilmu rows=1 
[admin_fakultas] ok Data Master > KBK rows=1 
[admin_fakultas] ok Pengguna & Akses > Pengguna rows=10 
[admin_fakultas] ok Pengguna & Akses > Role & Permission rows=10 
[admin_fakultas] ok Layanan Sistem > Audit Log rows=10 
[admin_fakultas] ok Layanan Sistem > Notifikasi rows=10 
[admin_fakultas] ok Layanan Sistem > Template Notifikasi rows=10 
[admin_fakultas] ok Layanan Sistem > Riwayat Workflow rows=0 
[admin_fakultas] ok Layanan Sistem > File Tersimpan rows=10 
[admin_fakultas] ok Layanan Sistem > Log Tugas Terjadwal rows=1 
[admin_fakultas] ok Bantuan > Modul & Hak Akses rows=0 
[admin_prodi] FAIL (Tanpa grup) > Beranda rows=0 Failed to load resource: the server responded with a status of 404 (Not Found) | HTTP 404
[admin_prodi] ok Sidang > Jenis Sidang rows=2 
[admin_prodi] ok Sidang > Persyaratan rows=9 
[admin_prodi] ok Sidang > Pendaftaran & Verifikasi rows=2 
[admin_prodi] ok Sidang > Plotting Penguji rows=4 
[admin_prodi] ok Sidang > Jadwal Sidang rows=2 
[admin_prodi] ok Sidang > Rubrik Penilaian rows=10 
[admin_prodi] ok Sidang > Nilai Sidang rows=10 
[admin_prodi] ok Sidang > Hasil Sidang rows=2 
[admin_prodi] ok Sidang > Revisi Sidang rows=1 
[admin_prodi] ok Sidang > Berita Acara rows=2 
[admin_prodi] ok Dokumen TA > Tugas Akhir rows=3 
[admin_prodi] ok Dokumen TA > Dokumen TA rows=10 
[admin_prodi] ok Dokumen TA > Progres TA rows=10 
[admin_prodi] ok Dokumen TA > Repositori TA rows=2 
[admin_prodi] ok Surat > Verifikasi Surat rows=4 
[admin_prodi] ok Surat > Riwayat Approval rows=6 
[admin_prodi] ok Monitoring > Alert Akademik rows=2 
[admin_prodi] ok Monitoring > Tindak Lanjut rows=1 
[admin_prodi] ok Monitoring > Eskalasi rows=1 
[admin_prodi] ok Monitoring > Snapshot Evaluasi rows=4 
[admin_prodi] ok Monitoring > Hasil Indikator rows=10 
[admin_prodi] ok Monitoring > Aturan Monitoring rows=9 
[admin_prodi] ok Monitoring > Override Status rows=0 
[admin_prodi] ok KRS & Penjadwalan > Periode KRS rows=1 
[admin_prodi] ok KRS & Penjadwalan > Penawaran Mata Kuliah rows=2 
[admin_prodi] ok KRS & Penjadwalan > KRS Mahasiswa rows=2 
[admin_prodi] ok KRS & Penjadwalan > Rincian KRS rows=4 
[admin_prodi] ok KRS & Penjadwalan > Hasil Validasi KRS rows=10 
[admin_prodi] ok KRS & Penjadwalan > Kelas Kuliah rows=3 
[admin_prodi] ok KRS & Penjadwalan > Plotting Dosen rows=2 
[admin_prodi] ok KRS & Penjadwalan > Jadwal Kuliah rows=2 
[admin_prodi] ok KRS & Penjadwalan > Konflik Jadwal rows=0 
[admin_prodi] ok KRS & Penjadwalan > Riwayat Jadwal rows=0 
[admin_prodi] ok Profiling Dosen > Profil Dosen rows=4 
[admin_prodi] ok Profiling Dosen > Keahlian rows=5 
[admin_prodi] ok Profiling Dosen > Pendidikan rows=4 
[admin_prodi] ok Profiling Dosen > Sertifikasi rows=7 
[admin_prodi] ok Profiling Dosen > Publikasi rows=7 
[admin_prodi] ok Profiling Dosen > Pengalaman Industri rows=4 
[admin_prodi] ok Profiling Dosen > Riwayat Mengajar rows=8 
[admin_prodi] ok Profiling Dosen > Preferensi Mata Kuliah rows=8 
[admin_prodi] ok Profiling Dosen > Beban Dosen rows=8 
[admin_prodi] ok Profiling Dosen > Matriks Kesesuaian rows=8 
[admin_prodi] ok Profiling Dosen > Rekomendasi Pengampu rows=10 
[admin_prodi] ok Profiling Dosen > Jadwal Konsultasi rows=6 
[admin_prodi] ok Profiling Mahasiswa > Profil Mahasiswa rows=1 
[admin_prodi] ok Profiling Mahasiswa > Skor CPL rows=2 
[admin_prodi] ok Profiling Mahasiswa > Skor PLO rows=2 
[admin_prodi] ok Profiling Mahasiswa > Skor Profil Lulusan rows=2 
[admin_prodi] ok Profiling Mahasiswa > Gap Kompetensi rows=4 
[admin_prodi] ok Profiling Mahasiswa > Rekomendasi Mahasiswa rows=10 
[admin_prodi] ok Profiling Mahasiswa > Minat Mahasiswa rows=4 
[admin_prodi] ok Profiling Mahasiswa > Sertifikasi Mahasiswa rows=1 
[admin_prodi] ok Profiling Mahasiswa > Portofolio Mahasiswa rows=1 
[admin_prodi] ok Profiling Mahasiswa > Organisasi Mahasiswa rows=1 
[admin_prodi] ok Profiling Mahasiswa > MBKM / Magang rows=1 
[admin_prodi] ok Profiling Mahasiswa > Riwayat Rekomendasi rows=10 
[admin_prodi] ok CPL & Profil Lulusan > CPL rows=2 
[admin_prodi] ok CPL & Profil Lulusan > PLO rows=2 
[admin_prodi] ok CPL & Profil Lulusan > Pemetaan MK–CPL rows=2 
[admin_prodi] ok CPL & Profil Lulusan > Pemetaan CPL–PLO rows=4 
[admin_prodi] ok CPL & Profil Lulusan > Profil Lulusan rows=2 
[admin_prodi] ok Data Master > Mahasiswa rows=4 
[admin_prodi] ok Data Master > Dosen rows=7 
[admin_prodi] ok Data Master > Mata Kuliah rows=2 
[admin_prodi] ok Data Master > Kurikulum rows=1 
[admin_prodi] ok Data Master > Semester rows=1 
[admin_prodi] ok Data Master > Ruangan rows=2 
[admin_prodi] ok Bantuan > Modul & Hak Akses rows=0 
[dosen] FAIL (Tanpa grup) > Beranda rows=0 Failed to load resource: the server responded with a status of 404 (Not Found) | HTTP 404
[dosen] ok Akademik > Jadwal Mengajar rows=2 
[dosen] ok Akademik > Beban Dosen rows=2 
[dosen] ok Akademik > Jadwal Konsultasi rows=3 
[dosen] ok Akademik > Lokasi & Ketersediaan rows=1 
[dosen] ok Perwalian (PA) > Approval KRS rows=2 
[dosen] ok Perwalian (PA) > Rincian KRS rows=4 
[dosen] ok Perwalian (PA) > Alert Mahasiswa PA rows=2 
[dosen] ok Perwalian (PA) > Riwayat Tindak Lanjut rows=1 
[dosen] ok Perwalian (PA) > Profil Mahasiswa PA rows=1 
[dosen] ok Perwalian (PA) > Rekomendasi Mahasiswa rows=10 
[dosen] ok Sidang & Pengujian > Jadwal Menguji rows=2 
[dosen] ok Sidang & Pengujian > Detail Sidang rows=2 
[dosen] ok Sidang & Pengujian > Penilaian Sidang rows=10 
[dosen] ok Sidang & Pengujian > Catatan / Revisi rows=1 
[dosen] ok Sidang & Pengujian > Hasil Sidang rows=2 
[dosen] ok Bimbingan TA > Mahasiswa Bimbingan rows=2 
[dosen] ok Bimbingan TA > Review Dokumen TA rows=10 
[dosen] ok Bimbingan TA > Riwayat Versi rows=10 
[dosen] ok Bimbingan TA > Riwayat Review rows=1 
[dosen] ok Bimbingan TA > Komentar rows=0 
[dosen] ok Bimbingan TA > Approval Bab rows=10 
[dosen] ok Bimbingan TA > Progres TA rows=10 
[dosen] ok Surat > Pengajuan Surat rows=0 
[dosen] ok Surat > Dokumen Surat rows=0 
[dosen] ok Profil Saya > Profil Dosen rows=1 
[dosen] ok Profil Saya > Keahlian rows=5 
[dosen] ok Profil Saya > Pendidikan rows=1 
[dosen] ok Profil Saya > Sertifikasi rows=4 
[dosen] ok Profil Saya > Publikasi rows=4 
[dosen] ok Profil Saya > Pengalaman Industri rows=1 
[dosen] ok Profil Saya > Riwayat Mengajar rows=2 
[dosen] ok Profil Saya > Preferensi Mata Kuliah rows=2 
[dosen] ok Bantuan > Modul & Hak Akses rows=0 
[mahasiswa] FAIL (Tanpa grup) > Beranda rows=0 Failed to load resource: the server responded with a status of 404 (Not Found) | HTTP 404
[mahasiswa] ok Akademik > KRS Saya rows=1 
[mahasiswa] ok Akademik > Mata Kuliah Diambil rows=2 
[mahasiswa] ok Akademik > Hasil Validasi KRS rows=0 
[mahasiswa] ok Akademik > Jadwal Kuliah rows=2 
[mahasiswa] ok Sidang > Persyaratan Sidang rows=9 
[mahasiswa] ok Sidang > Pendaftaran Sidang rows=1 
[mahasiswa] ok Sidang > Jadwal Sidang rows=1 
[mahasiswa] ok Sidang > Hasil Sidang rows=1 
[mahasiswa] ok Sidang > Revisi Sidang rows=0 
[mahasiswa] ok Sidang > Berita Acara rows=1 
[mahasiswa] ok Dokumen TA > Tugas Akhir Saya rows=1 
[mahasiswa] ok Dokumen TA > Dokumen per Bab rows=8 
[mahasiswa] ok Dokumen TA > Riwayat Versi rows=9 
[mahasiswa] ok Dokumen TA > Komentar Pembimbing rows=0 
[mahasiswa] ok Dokumen TA > Repositori TA rows=1 
[mahasiswa] ok Dokumen TA > Jadwal Konsultasi Dosen rows=6 
[mahasiswa] ok Surat > Pengajuan Surat rows=4 
[mahasiswa] ok Surat > Dokumen Surat rows=3 
[mahasiswa] ok Monitoring > Peringatan Akademik rows=2 
[mahasiswa] ok Monitoring > Riwayat Evaluasi rows=4 
[mahasiswa] ok Profil & Rekomendasi > Profil Saya rows=1 
[mahasiswa] ok Profil & Rekomendasi > Minat rows=4 
[mahasiswa] ok Profil & Rekomendasi > Sertifikasi rows=1 
[mahasiswa] ok Profil & Rekomendasi > Portofolio rows=1 
[mahasiswa] ok Profil & Rekomendasi > Organisasi rows=1 
[mahasiswa] ok Profil & Rekomendasi > MBKM / Magang rows=1 
[mahasiswa] ok Profil & Rekomendasi > Skor CPL rows=2 
[mahasiswa] ok Profil & Rekomendasi > Skor Profil Lulusan rows=2 
[mahasiswa] ok Profil & Rekomendasi > Gap Kompetensi rows=4 
[mahasiswa] ok Profil & Rekomendasi > Rekomendasi Untuk Saya rows=10 
[mahasiswa] ok Bantuan > Modul & Hak Akses rows=0 
[kaprodi] ok (Tanpa grup) > Beranda rows=0 
[kaprodi] ok Sidang > Pendaftaran Sidang rows=2 
[kaprodi] ok Sidang > Plotting Penguji rows=4 
[kaprodi] ok Sidang > Jadwal Sidang rows=2 
[kaprodi] ok Sidang > Hasil Sidang rows=2 
[kaprodi] ok Sidang > Revisi Sidang rows=1 
[kaprodi] ok Dokumen TA > Tugas Akhir rows=3 
[kaprodi] ok Dokumen TA > Dokumen TA rows=10 
[kaprodi] ok Dokumen TA > Progres TA rows=10 
[kaprodi] ok Surat > Approval Surat rows=4 
[kaprodi] ok Surat > Riwayat Approval rows=6 
[kaprodi] ok Monitoring > Alert Mahasiswa rows=2 
[kaprodi] ok Monitoring > Eskalasi Masuk rows=1 
[kaprodi] ok Monitoring > Snapshot Evaluasi rows=4 
[kaprodi] ok Monitoring > Override Status rows=0 
[kaprodi] ok KRS & Penjadwalan > Monitoring KRS rows=2 
[kaprodi] ok KRS & Penjadwalan > Jadwal Kuliah rows=2 
[kaprodi] ok KRS & Penjadwalan > Plotting Dosen rows=2 
[kaprodi] ok KRS & Penjadwalan > Konflik Jadwal rows=0 
[kaprodi] ok Profiling Dosen > Profil Dosen rows=4 
[kaprodi] ok Profiling Dosen > Beban Dosen rows=8 
[kaprodi] ok Profiling Dosen > Matriks Kesesuaian rows=8 
[kaprodi] ok Profiling Dosen > Rekomendasi Pengampu rows=10 
[kaprodi] ok Profiling Mahasiswa > Profil Mahasiswa rows=1 
[kaprodi] ok Profiling Mahasiswa > Skor CPL rows=2 
[kaprodi] ok Profiling Mahasiswa > Skor PLO rows=2 
[kaprodi] ok Profiling Mahasiswa > Skor Profil Lulusan rows=2 
[kaprodi] ok Profiling Mahasiswa > Gap Kompetensi rows=4 
[kaprodi] ok Profiling Mahasiswa > Rekomendasi Mahasiswa rows=10 
[kaprodi] ok CPL & Profil Lulusan > CPL rows=2 
[kaprodi] ok CPL & Profil Lulusan > PLO rows=2 
[kaprodi] ok CPL & Profil Lulusan > Pemetaan MK–CPL rows=2 
[kaprodi] ok CPL & Profil Lulusan > Pemetaan CPL–PLO rows=4 
[kaprodi] ok CPL & Profil Lulusan > Profil Lulusan rows=2 
[kaprodi] ok Bantuan > Modul & Hak Akses rows=0 
[dekan] ok (Tanpa grup) > Beranda rows=0 
[dekan] ok Surat > Approval Surat rows=4 
[dekan] ok Surat > Riwayat Approval rows=6 
[dekan] ok Monitoring > Monitoring Risiko rows=2 
[dekan] ok Monitoring > Snapshot Evaluasi rows=4 
[dekan] ok Profiling Dosen > Profil Dosen rows=4 
[dekan] ok Profiling Dosen > Peta Keahlian rows=5 
[dekan] ok Profiling Dosen > Peta Beban Dosen rows=8 
[dekan] ok Profiling Dosen > Matriks Kesesuaian rows=8 
[dekan] ok Profiling Mahasiswa > Profil Mahasiswa rows=1 
[dekan] ok Profiling Mahasiswa > Sebaran Profil Lulusan rows=2 
[dekan] ok Profiling Mahasiswa > Capaian CPL rows=2 
[dekan] ok CPL & Profil Lulusan > CPL rows=2 
[dekan] ok CPL & Profil Lulusan > PLO rows=2 
[dekan] ok CPL & Profil Lulusan > Profil Lulusan rows=2 
[dekan] ok Bantuan > Modul & Hak Akses rows=0 
[wd] ok (Tanpa grup) > Beranda rows=0 
[wd] ok Surat > Approval Surat rows=4 
[wd] ok Surat > Riwayat Approval rows=6 
[wd] ok Monitoring > Monitoring Risiko rows=2 
[wd] ok Monitoring > Snapshot Evaluasi rows=4 
[wd] ok Profiling Dosen > Profil Dosen rows=4 
[wd] ok Profiling Dosen > Peta Keahlian rows=5 
[wd] ok Profiling Dosen > Peta Beban Dosen rows=8 
[wd] ok Profiling Dosen > Matriks Kesesuaian rows=8 
[wd] ok Profiling Mahasiswa > Profil Mahasiswa rows=1 
[wd] ok Profiling Mahasiswa > Sebaran Profil Lulusan rows=2 
[wd] ok Profiling Mahasiswa > Capaian CPL rows=2 
[wd] ok CPL & Profil Lulusan > CPL rows=2 
[wd] ok CPL & Profil Lulusan > PLO rows=2 
[wd] ok CPL & Profil Lulusan > Profil Lulusan rows=2 
[wd] ok Bantuan > Modul & Hak Akses rows=0 
[kbk] ok (Tanpa grup) > Beranda rows=0 
[kbk] ok Profiling Dosen > Profil Dosen rows=4 
[kbk] ok Profiling Dosen > Keahlian rows=5 
[kbk] ok Profiling Dosen > Pendidikan rows=4 
[kbk] ok Profiling Dosen > Sertifikasi rows=7 
[kbk] ok Profiling Dosen > Publikasi rows=7 
[kbk] ok Profiling Dosen > Pengalaman Industri rows=4 
[kbk] ok Profiling Dosen > Riwayat Mengajar rows=8 
[kbk] ok Profiling Dosen > Beban Dosen rows=8 
[kbk] ok Profiling Dosen > Matriks Kesesuaian rows=8 
[kbk] ok Profiling Dosen > Rekomendasi Pengampu rows=10 
[kbk] ok Data Master > Rumpun Ilmu rows=1 
[kbk] ok Data Master > KBK rows=1 
[kbk] ok Data Master > Mata Kuliah rows=2 
[kbk] ok Data Master > Dosen rows=7 
[kbk] ok Bantuan > Modul & Hak Akses rows=0 
[lpm] ok (Tanpa grup) > Beranda rows=0 
[lpm] ok Dokumen TA > Repositori TA rows=2 
[lpm] ok Dokumen TA > Tugas Akhir rows=3 
[lpm] ok Monitoring > Alert Akademik rows=2 
[lpm] ok Monitoring > Snapshot Evaluasi rows=4 
[lpm] ok Profiling Mahasiswa > Capaian CPL rows=2 
[lpm] ok Profiling Mahasiswa > Capaian PLO rows=2 
[lpm] ok Profiling Mahasiswa > Skor Profil Lulusan rows=2 
[lpm] ok Profiling Mahasiswa > Gap CPL / Kompetensi rows=4 
[lpm] ok Profiling Mahasiswa > Profil Mahasiswa rows=1 
[lpm] ok CPL & Profil Lulusan > CPL rows=2 
[lpm] ok CPL & Profil Lulusan > PLO rows=2 
[lpm] ok CPL & Profil Lulusan > Profil Lulusan rows=2 
[lpm] ok Bantuan > Modul & Hak Akses rows=0 
[baak] ok (Tanpa grup) > Beranda rows=0 
[baak] ok Sidang > Rekap Sidang rows=2 
[baak] ok Sidang > Hasil Sidang rows=2 
[baak] ok Sidang > Berita Acara rows=2 
[baak] ok Dokumen TA > Status Tugas Akhir rows=3 
[baak] ok Dokumen TA > Repositori Final rows=2 
[baak] ok Monitoring > Alert Akademik rows=2 
[baak] ok Monitoring > Snapshot Evaluasi rows=4 
[baak] ok Profiling Mahasiswa > Rekap Profil Mahasiswa rows=1 
[baak] ok Data Master > Rekap Mahasiswa rows=4 
[baak] ok Bantuan > Modul & Hak Akses rows=0 
[kalab] ok (Tanpa grup) > Beranda rows=0 
[kalab] ok Profiling Dosen > Profil Dosen rows=4 
[kalab] ok Profiling Dosen > Keahlian rows=5 
[kalab] ok Profiling Dosen > Publikasi & Riset rows=7 
[kalab] ok Profiling Dosen > Beban Dosen rows=8 
[kalab] ok Data Master > Dosen rows=7 
[kalab] ok Data Master > Mahasiswa rows=4 
[kalab] ok Data Master > Mata Kuliah rows=2 
[kalab] ok Bantuan > Modul & Hak Akses rows=0 
saved /home/kumadz/Documents/Project/sifakueu/docs/manual-guides/v2/crawl.json
