[superadmin] ok (Tanpa grup) > Dashboard rows=0 
[superadmin] ok Administration > Users rows=1 
[superadmin] ok Administration > Activity Log rows=10 
[superadmin] ok Jobdesk > Modul & Hak Akses rows=0 
[superadmin] ok Platform > Fakultas / Tenant rows=1 
[admin_fakultas] ok (Tanpa grup) > Dashboard rows=5 
[admin_fakultas] ok Administration > Users rows=10 
[admin_fakultas] ok Administration > Roles rows=10 
[admin_fakultas] ok Jobdesk > Modul & Hak Akses rows=0 
[admin_fakultas] ok M3 Monitoring > Alert Escalations rows=1 
[admin_fakultas] ok M3 Monitoring > Alert Followups rows=1 
[admin_fakultas] ok M3 Monitoring > Alerts rows=2 
[admin_fakultas] ok M3 Monitoring > Monitoring Indicator Results rows=10 
[admin_fakultas] ok M3 Monitoring > Monitoring Overrides rows=0 
[admin_fakultas] ok M3 Monitoring > Monitoring Rules rows=9 
[admin_fakultas] ok M3 Monitoring > Monitoring Snapshots rows=4 
[admin_fakultas] ok M2 Surat > Approval Flow rows=1 
[admin_fakultas] ok M2 Surat > Approval Step rows=3 
[admin_fakultas] ok M2 Surat > Dokumen Generated rows=3 
[admin_fakultas] ok M2 Surat > Jenis Surats rows=1 
[admin_fakultas] ok M2 Surat > Arsip Surat rows=2 
[admin_fakultas] ok M2 Surat > Lampiran Surat rows=0 
[admin_fakultas] ok M2 Surat > Distribusi Surat rows=2 
[admin_fakultas] ok M2 Surat > Form Field Surat rows=5 
[admin_fakultas] ok M2 Surat > Nomor Surat rows=3 
[admin_fakultas] ok M2 Surat > Sequence Nomor rows=1 
[admin_fakultas] ok M2 Surat > Data Form Surat rows=0 
[admin_fakultas] ok M2 Surat > Template Surat rows=1 
[admin_fakultas] ok M2 Surat > Verifikasi Surat rows=5 
[admin_fakultas] ok M2 Surat > Token Verifikasi rows=3 
[admin_fakultas] ok M2 Surat > Approval Surat rows=6 
[admin_fakultas] ok M2 Surat > Surats rows=4 
[admin_fakultas] ok M6 Profiling Mahasiswa > Competency Gaps rows=4 
[admin_fakultas] ok M6 Profiling Mahasiswa > Cpls rows=2 
[admin_fakultas] ok M6 Profiling Mahasiswa > Graduate Profiles rows=2 
[admin_fakultas] ok M6 Profiling Mahasiswa > Sertifikasi Mahasiswa rows=1 
[admin_fakultas] ok M6 Profiling Mahasiswa > Mahasiswa Cpl Scores rows=2 
[admin_fakultas] ok M6 Profiling Mahasiswa > Skor Profil Lulusan rows=2 
[admin_fakultas] ok M6 Profiling Mahasiswa > Mahasiswa Interests rows=4 
[admin_fakultas] ok M6 Profiling Mahasiswa > MBKM/Magang rows=1 
[admin_fakultas] ok M6 Profiling Mahasiswa > Organisasi Mahasiswa rows=1 
[admin_fakultas] ok M6 Profiling Mahasiswa > Mahasiswa Plo Scores rows=2 
[admin_fakultas] ok M6 Profiling Mahasiswa > Portofolio Mahasiswa rows=1 
[admin_fakultas] ok M6 Profiling Mahasiswa > Mahasiswa Profiles rows=1 
[admin_fakultas] ok M6 Profiling Mahasiswa > Pemetaan Cpl Plos rows=4 
[admin_fakultas] ok M6 Profiling Mahasiswa > Pemetaan Mk Cpls rows=2 
[admin_fakultas] ok M6 Profiling Mahasiswa > Plos rows=2 
[admin_fakultas] ok M6 Profiling Mahasiswa > Riwayat Rekomendasi rows=10 
[admin_fakultas] ok M6 Profiling Mahasiswa > Student Recommendations rows=10 
[admin_fakultas] ok M7 Dokumen TA > Dokumen Tas rows=0 
[admin_fakultas] ok M7 Dokumen TA > Tugas Akhirs rows=3 
[admin_fakultas] ok M7 Dokumen TA > Ta Sections rows=8 
[admin_fakultas] ok M7 Dokumen TA > Ta Documents rows=10 
[admin_fakultas] ok M7 Dokumen TA > Ta Document Versions rows=10 
[admin_fakultas] ok M7 Dokumen TA > Ta Reviews rows=1 
[admin_fakultas] ok M7 Dokumen TA > Ta Comments rows=0 
[admin_fakultas] ok M7 Dokumen TA > Ta Approvals rows=10 
[admin_fakultas] ok M7 Dokumen TA > Ta Progress Logs rows=10 
[admin_fakultas] ok M7 Dokumen TA > Repository Items rows=2 
[admin_fakultas] ok M7 Dokumen TA > Revision Cycles rows=1 
[admin_fakultas] ok M4 KRS & Penjadwalan > Jadwal Kuliahs rows=2 
[admin_fakultas] ok M4 KRS & Penjadwalan > Krs rows=2 
[admin_fakultas] ok M4 KRS & Penjadwalan > Periode Krs rows=1 
[admin_fakultas] ok M4 KRS & Penjadwalan > Penawaran Mata Kuliahs rows=2 
[admin_fakultas] ok M4 KRS & Penjadwalan > Krs Details rows=4 
[admin_fakultas] ok M4 KRS & Penjadwalan > Krs Validation Results rows=10 
[admin_fakultas] ok M4 KRS & Penjadwalan > Kelas Kuliahs rows=3 
[admin_fakultas] ok M4 KRS & Penjadwalan > Plotting Dosens rows=2 
[admin_fakultas] ok M4 KRS & Penjadwalan > Jadwal Conflicts rows=0 
[admin_fakultas] ok M4 KRS & Penjadwalan > Jadwal Histories rows=0 
[admin_fakultas] ok M1 Sidang > Pendaftaran Sidangs rows=0 
[admin_fakultas] ok M1 Sidang > Sidang Types rows=2 
[admin_fakultas] ok M1 Sidang > Sidang Requirements rows=9 
[admin_fakultas] ok M1 Sidang > Sidang Registrations rows=2 
[admin_fakultas] ok M1 Sidang > Sidang Assignments rows=4 
[admin_fakultas] ok M1 Sidang > Sidang Schedules rows=2 
[admin_fakultas] ok M1 Sidang > Sidang Rubrics rows=10 
[admin_fakultas] ok M1 Sidang > Sidang Scores rows=10 
[admin_fakultas] ok M1 Sidang > Sidang Results rows=2 
[admin_fakultas] ok M1 Sidang > Sidang Revisions rows=1 
[admin_fakultas] ok M1 Sidang > Sidang Minutes rows=2 
[admin_fakultas] ok Master Data > Fakultas rows=1 
[admin_fakultas] ok Master Data > Program Studis rows=2 
[admin_fakultas] ok Master Data > Mahasiswas rows=4 
[admin_fakultas] ok Master Data > Tahun Akademiks rows=1 
[admin_fakultas] ok Master Data > Dosens rows=7 
[admin_fakultas] ok Master Data > Semesters rows=1 
[admin_fakultas] ok Master Data > Mata Kuliahs rows=2 
[admin_fakultas] ok Master Data > Ruangans rows=2 
[admin_fakultas] ok Master Data > Rumpun Ilmus rows=1 
[admin_fakultas] ok Master Data > Kbks rows=1 
[admin_fakultas] ok Master Data > Kurikulums rows=1 
[admin_fakultas] ok Shared Services > Audit Logs rows=10 
[admin_fakultas] ok Shared Services > Notifications rows=10 
[admin_fakultas] ok Shared Services > Notification Templates rows=10 
[admin_fakultas] ok Shared Services > Stored Files rows=10 
[admin_fakultas] ok Shared Services > Workflow Histories rows=0 
[admin_fakultas] ok Shared Services > Scheduled Task Logs rows=1 
[admin_fakultas] ok M5 Analytics > Beban Dosens rows=8 
[admin_fakultas] ok M5 Analytics > Matriks Kesesuaians rows=8 
[admin_fakultas] ok M5 Analytics > Rekomendasi Pengampus rows=10 
[admin_fakultas] ok M5 Availability > Jadwal Konsultasis rows=6 
[admin_fakultas] ok M5 Availability > Dosen Lokasis rows=4 
[admin_fakultas] ok M5 Profiling Dosen > Keahlians rows=5 
[admin_fakultas] ok M5 Profiling Dosen > Dosen Profils rows=4 
[admin_fakultas] ok M5 Profiling Dosen > Dosen Pendidikans rows=4 
[admin_fakultas] ok M5 Profiling Dosen > Dosen Sertifikasis rows=7 
[admin_fakultas] ok M5 Profiling Dosen > Dosen Publikasis rows=7 
[admin_fakultas] ok M5 Profiling Dosen > Dosen Pengalaman Industris rows=4 
[admin_fakultas] ok M5 Profiling Dosen > Riwayat Mengajars rows=8 
[admin_fakultas] ok M5 Profiling Dosen > Dosen Preferensi Mks rows=8 
[admin_prodi] ok (Tanpa grup) > Dashboard rows=0 
[admin_prodi] ok Jobdesk > Modul & Hak Akses rows=0 
[admin_prodi] ok M3 Monitoring > Alert Escalations rows=1 
[admin_prodi] ok M3 Monitoring > Alert Followups rows=1 
[admin_prodi] ok M3 Monitoring > Alerts rows=2 
[admin_prodi] ok M3 Monitoring > Monitoring Indicator Results rows=10 
[admin_prodi] ok M3 Monitoring > Monitoring Overrides rows=0 
[admin_prodi] ok M3 Monitoring > Monitoring Rules rows=9 
[admin_prodi] ok M3 Monitoring > Monitoring Snapshots rows=4 
[admin_prodi] ok M2 Surat > Approval Flow rows=1 
[admin_prodi] ok M2 Surat > Approval Step rows=3 
[admin_prodi] ok M2 Surat > Dokumen Generated rows=3 
[admin_prodi] ok M2 Surat > Jenis Surats rows=1 
[admin_prodi] ok M2 Surat > Arsip Surat rows=2 
[admin_prodi] ok M2 Surat > Lampiran Surat rows=0 
[admin_prodi] ok M2 Surat > Distribusi Surat rows=2 
[admin_prodi] ok M2 Surat > Form Field Surat rows=5 
[admin_prodi] ok M2 Surat > Nomor Surat rows=3 
[admin_prodi] ok M2 Surat > Sequence Nomor rows=1 
[admin_prodi] ok M2 Surat > Data Form Surat rows=0 
[admin_prodi] ok M2 Surat > Template Surat rows=1 
[admin_prodi] ok M2 Surat > Verifikasi Surat rows=5 
[admin_prodi] ok M2 Surat > Token Verifikasi rows=3 
[admin_prodi] ok M2 Surat > Approval Surat rows=6 
[admin_prodi] ok M2 Surat > Surats rows=4 
[admin_prodi] ok M6 Profiling Mahasiswa > Competency Gaps rows=4 
[admin_prodi] ok M6 Profiling Mahasiswa > Cpls rows=2 
[admin_prodi] ok M6 Profiling Mahasiswa > Graduate Profiles rows=2 
[admin_prodi] ok M6 Profiling Mahasiswa > Sertifikasi Mahasiswa rows=1 
[admin_prodi] ok M6 Profiling Mahasiswa > Mahasiswa Cpl Scores rows=2 
[admin_prodi] ok M6 Profiling Mahasiswa > Skor Profil Lulusan rows=2 
[admin_prodi] ok M6 Profiling Mahasiswa > Mahasiswa Interests rows=4 
[admin_prodi] ok M6 Profiling Mahasiswa > MBKM/Magang rows=1 
[admin_prodi] ok M6 Profiling Mahasiswa > Organisasi Mahasiswa rows=1 
[admin_prodi] ok M6 Profiling Mahasiswa > Mahasiswa Plo Scores rows=2 
[admin_prodi] ok M6 Profiling Mahasiswa > Portofolio Mahasiswa rows=1 
[admin_prodi] ok M6 Profiling Mahasiswa > Mahasiswa Profiles rows=1 
[admin_prodi] ok M6 Profiling Mahasiswa > Pemetaan Cpl Plos rows=4 
[admin_prodi] ok M6 Profiling Mahasiswa > Pemetaan Mk Cpls rows=2 
[admin_prodi] ok M6 Profiling Mahasiswa > Plos rows=2 
[admin_prodi] ok M6 Profiling Mahasiswa > Riwayat Rekomendasi rows=10 
[admin_prodi] ok M6 Profiling Mahasiswa > Student Recommendations rows=10 
[admin_prodi] ok M7 Dokumen TA > Dokumen Tas rows=0 
[admin_prodi] ok M7 Dokumen TA > Tugas Akhirs rows=3 
[admin_prodi] ok M7 Dokumen TA > Ta Sections rows=8 
[admin_prodi] ok M7 Dokumen TA > Ta Documents rows=10 
[admin_prodi] ok M7 Dokumen TA > Ta Document Versions rows=10 
[admin_prodi] ok M7 Dokumen TA > Ta Reviews rows=1 
[admin_prodi] ok M7 Dokumen TA > Ta Comments rows=0 
[admin_prodi] ok M7 Dokumen TA > Ta Approvals rows=10 
[admin_prodi] ok M7 Dokumen TA > Ta Progress Logs rows=10 
[admin_prodi] ok M7 Dokumen TA > Repository Items rows=2 
[admin_prodi] ok M7 Dokumen TA > Revision Cycles rows=1 
[admin_prodi] ok M4 KRS & Penjadwalan > Jadwal Kuliahs rows=2 
[admin_prodi] ok M4 KRS & Penjadwalan > Krs rows=2 
[admin_prodi] ok M4 KRS & Penjadwalan > Periode Krs rows=1 
[admin_prodi] ok M4 KRS & Penjadwalan > Penawaran Mata Kuliahs rows=2 
[admin_prodi] ok M4 KRS & Penjadwalan > Krs Details rows=4 
[admin_prodi] ok M4 KRS & Penjadwalan > Krs Validation Results rows=10 
[admin_prodi] ok M4 KRS & Penjadwalan > Kelas Kuliahs rows=3 
[admin_prodi] ok M4 KRS & Penjadwalan > Plotting Dosens rows=2 
[admin_prodi] ok M4 KRS & Penjadwalan > Jadwal Conflicts rows=0 
[admin_prodi] ok M4 KRS & Penjadwalan > Jadwal Histories rows=0 
[admin_prodi] ok M1 Sidang > Pendaftaran Sidangs rows=0 
[admin_prodi] ok M1 Sidang > Sidang Types rows=2 
[admin_prodi] ok M1 Sidang > Sidang Requirements rows=9 
[admin_prodi] ok M1 Sidang > Sidang Registrations rows=2 
[admin_prodi] ok M1 Sidang > Sidang Assignments rows=4 
[admin_prodi] ok M1 Sidang > Sidang Schedules rows=2 
[admin_prodi] ok M1 Sidang > Sidang Rubrics rows=10 
[admin_prodi] ok M1 Sidang > Sidang Scores rows=10 
[admin_prodi] ok M1 Sidang > Sidang Results rows=2 
[admin_prodi] ok M1 Sidang > Sidang Revisions rows=1 
[admin_prodi] ok M1 Sidang > Sidang Minutes rows=2 
[admin_prodi] ok Master Data > Fakultas rows=1 
[admin_prodi] ok Master Data > Program Studis rows=2 
[admin_prodi] ok Master Data > Mahasiswas rows=4 
[admin_prodi] ok Master Data > Tahun Akademiks rows=1 
[admin_prodi] ok Master Data > Dosens rows=7 
[admin_prodi] ok Master Data > Semesters rows=1 
[admin_prodi] ok Master Data > Mata Kuliahs rows=2 
[admin_prodi] ok Master Data > Ruangans rows=2 
[admin_prodi] ok Master Data > Rumpun Ilmus rows=1 
[admin_prodi] ok Master Data > Kbks rows=1 
[admin_prodi] ok Master Data > Kurikulums rows=1 
[admin_prodi] ok M5 Analytics > Beban Dosens rows=8 
[admin_prodi] ok M5 Analytics > Matriks Kesesuaians rows=8 
[admin_prodi] ok M5 Analytics > Rekomendasi Pengampus rows=10 
[admin_prodi] ok M5 Availability > Jadwal Konsultasis rows=6 
[admin_prodi] ok M5 Availability > Dosen Lokasis rows=4 
[admin_prodi] ok M5 Profiling Dosen > Keahlians rows=5 
[admin_prodi] ok M5 Profiling Dosen > Dosen Profils rows=4 
[admin_prodi] ok M5 Profiling Dosen > Dosen Pendidikans rows=4 
[admin_prodi] ok M5 Profiling Dosen > Dosen Sertifikasis rows=7 
[admin_prodi] ok M5 Profiling Dosen > Dosen Publikasis rows=7 
[admin_prodi] ok M5 Profiling Dosen > Dosen Pengalaman Industris rows=4 
[admin_prodi] ok M5 Profiling Dosen > Riwayat Mengajars rows=8 
[admin_prodi] ok M5 Profiling Dosen > Dosen Preferensi Mks rows=8 
[dosen] ok (Tanpa grup) > Dashboard rows=0 
[dosen] ok Jobdesk > Modul & Hak Akses rows=0 
[dosen] ok M4 KRS & Penjadwalan > Jadwal Kuliahs rows=2 
[dosen] ok M4 KRS & Penjadwalan > Krs rows=2 
[dosen] ok M4 KRS & Penjadwalan > Krs Details rows=4 
[dosen] ok M4 KRS & Penjadwalan > Krs Validation Results rows=10 
[dosen] ok M4 KRS & Penjadwalan > Jadwal Histories rows=0 
[dosen] ok M2 Surat > Surats rows=0 
[dosen] ok M2 Surat > Dokumen Generated rows=0 
[dosen] ok M2 Surat > Distribusi Surat rows=0 
[dosen] ok M2 Surat > Arsip Surat rows=0 
[dosen] ok M3 Monitoring > Alerts rows=2 
[dosen] ok M3 Monitoring > Monitoring Snapshots rows=4 
[dosen] ok M3 Monitoring > Monitoring Indicator Results rows=10 
[dosen] ok M3 Monitoring > Alert Followups rows=1 
[dosen] ok M3 Monitoring > Alert Escalations rows=1 
[dosen] ok M6 Profiling Mahasiswa > Mahasiswa Profiles rows=1 
[dosen] ok M6 Profiling Mahasiswa > Mahasiswa Interests rows=4 
[dosen] ok M6 Profiling Mahasiswa > Sertifikasi Mahasiswa rows=1 
[dosen] ok M6 Profiling Mahasiswa > Portofolio Mahasiswa rows=1 
[dosen] ok M6 Profiling Mahasiswa > Organisasi Mahasiswa rows=1 
[dosen] ok M6 Profiling Mahasiswa > MBKM/Magang rows=1 
[dosen] ok M6 Profiling Mahasiswa > Mahasiswa Cpl Scores rows=2 
[dosen] ok M6 Profiling Mahasiswa > Mahasiswa Plo Scores rows=2 
[dosen] ok M6 Profiling Mahasiswa > Skor Profil Lulusan rows=2 
[dosen] ok M6 Profiling Mahasiswa > Competency Gaps rows=4 
[dosen] ok M6 Profiling Mahasiswa > Student Recommendations rows=10 
[dosen] ok M6 Profiling Mahasiswa > Riwayat Rekomendasi rows=10 
[dosen] ok M7 Dokumen TA > Dokumen Tas rows=0 
[dosen] ok M7 Dokumen TA > Tugas Akhirs rows=2 
[dosen] ok M7 Dokumen TA > Ta Documents rows=10 
[dosen] ok M7 Dokumen TA > Ta Document Versions rows=10 
[dosen] ok M7 Dokumen TA > Ta Reviews rows=1 
[dosen] ok M7 Dokumen TA > Ta Comments rows=0 
[dosen] ok M7 Dokumen TA > Ta Approvals rows=10 
[dosen] ok M7 Dokumen TA > Ta Progress Logs rows=10 
[dosen] ok M7 Dokumen TA > Repository Items rows=2 
[dosen] ok M7 Dokumen TA > Revision Cycles rows=1 
[dosen] ok M1 Sidang > Pendaftaran Sidangs rows=0 
[dosen] ok M1 Sidang > Sidang Types rows=2 
[dosen] ok M1 Sidang > Sidang Requirements rows=9 
[dosen] ok M1 Sidang > Sidang Registrations rows=2 
[dosen] ok M1 Sidang > Sidang Assignments rows=4 
[dosen] ok M1 Sidang > Sidang Schedules rows=2 
[dosen] ok M1 Sidang > Sidang Rubrics rows=10 
[dosen] ok M1 Sidang > Sidang Scores rows=10 
[dosen] ok M1 Sidang > Sidang Results rows=2 
[dosen] ok M1 Sidang > Sidang Revisions rows=1 
[dosen] ok M1 Sidang > Sidang Minutes rows=2 
[dosen] ok M5 Profiling Dosen > Keahlians rows=5 
[dosen] ok M5 Profiling Dosen > Dosen Profils rows=1 
[dosen] ok M5 Profiling Dosen > Dosen Pendidikans rows=1 
[dosen] ok M5 Profiling Dosen > Dosen Sertifikasis rows=4 
[dosen] ok M5 Profiling Dosen > Dosen Publikasis rows=4 
[dosen] ok M5 Profiling Dosen > Dosen Pengalaman Industris rows=1 
[dosen] ok M5 Profiling Dosen > Riwayat Mengajars rows=2 
[dosen] ok M5 Profiling Dosen > Dosen Preferensi Mks rows=2 
[dosen] ok M5 Analytics > Beban Dosens rows=2 
[dosen] ok M5 Analytics > Matriks Kesesuaians rows=2 
[dosen] ok M5 Analytics > Rekomendasi Pengampus rows=10 
[dosen] ok M5 Availability > Jadwal Konsultasis rows=3 
[dosen] ok M5 Availability > Dosen Lokasis rows=1 
[dosen] ok Master Data > Mahasiswas rows=4 
[dosen] ok Master Data > Dosens rows=1 
[mahasiswa] ok (Tanpa grup) > Dashboard rows=0 
[mahasiswa] ok Jobdesk > Modul & Hak Akses rows=0 
[mahasiswa] ok M4 KRS & Penjadwalan > Krs rows=1 
[mahasiswa] ok M4 KRS & Penjadwalan > Jadwal Kuliahs rows=2 
[mahasiswa] ok M4 KRS & Penjadwalan > Penawaran Mata Kuliahs rows=2 
[mahasiswa] ok M4 KRS & Penjadwalan > Krs Details rows=2 
[mahasiswa] ok M4 KRS & Penjadwalan > Krs Validation Results rows=0 
[mahasiswa] ok M4 KRS & Penjadwalan > Kelas Kuliahs rows=2 
[mahasiswa] ok M4 KRS & Penjadwalan > Jadwal Histories rows=0 
[mahasiswa] ok M1 Sidang > Pendaftaran Sidangs rows=0 
[mahasiswa] ok M1 Sidang > Sidang Types rows=2 
[mahasiswa] ok M1 Sidang > Sidang Requirements rows=9 
[mahasiswa] ok M1 Sidang > Sidang Registrations rows=1 
[mahasiswa] ok M1 Sidang > Sidang Schedules rows=1 
[mahasiswa] ok M1 Sidang > Sidang Results rows=1 
[mahasiswa] ok M1 Sidang > Sidang Revisions rows=0 
[mahasiswa] ok M1 Sidang > Sidang Minutes rows=1 
[mahasiswa] ok M2 Surat > Surats rows=4 
[mahasiswa] ok M2 Surat > Dokumen Generated rows=3 
[mahasiswa] ok M2 Surat > Distribusi Surat rows=2 
[mahasiswa] ok M2 Surat > Arsip Surat rows=2 
[mahasiswa] ok M3 Monitoring > Alerts rows=2 
[mahasiswa] ok M3 Monitoring > Monitoring Snapshots rows=4 
[mahasiswa] ok M3 Monitoring > Monitoring Indicator Results rows=10 
[mahasiswa] ok M3 Monitoring > Alert Followups rows=1 
[mahasiswa] ok M6 Profiling Mahasiswa > Mahasiswa Profiles rows=1 
[mahasiswa] ok M6 Profiling Mahasiswa > Mahasiswa Interests rows=4 
[mahasiswa] ok M6 Profiling Mahasiswa > Sertifikasi Mahasiswa rows=1 
[mahasiswa] ok M6 Profiling Mahasiswa > Portofolio Mahasiswa rows=1 
[mahasiswa] ok M6 Profiling Mahasiswa > Organisasi Mahasiswa rows=1 
[mahasiswa] ok M6 Profiling Mahasiswa > MBKM/Magang rows=1 
[mahasiswa] ok M6 Profiling Mahasiswa > Cpls rows=2 
[mahasiswa] ok M6 Profiling Mahasiswa > Plos rows=2 
[mahasiswa] ok M6 Profiling Mahasiswa > Mahasiswa Cpl Scores rows=2 
[mahasiswa] ok M6 Profiling Mahasiswa > Mahasiswa Plo Scores rows=2 
[mahasiswa] ok M6 Profiling Mahasiswa > Graduate Profiles rows=2 
[mahasiswa] ok M6 Profiling Mahasiswa > Skor Profil Lulusan rows=2 
[mahasiswa] ok M6 Profiling Mahasiswa > Competency Gaps rows=4 
[mahasiswa] ok M6 Profiling Mahasiswa > Student Recommendations rows=10 
[mahasiswa] ok M6 Profiling Mahasiswa > Riwayat Rekomendasi rows=10 
[mahasiswa] ok M7 Dokumen TA > Dokumen Tas rows=0 
[mahasiswa] ok M7 Dokumen TA > Tugas Akhirs rows=1 
[mahasiswa] ok M7 Dokumen TA > Ta Documents rows=8 
[mahasiswa] ok M7 Dokumen TA > Ta Document Versions rows=9 
[mahasiswa] ok M7 Dokumen TA > Ta Comments rows=0 
[mahasiswa] ok M7 Dokumen TA > Ta Progress Logs rows=3 
[mahasiswa] ok M7 Dokumen TA > Repository Items rows=1 
[mahasiswa] ok M7 Dokumen TA > Revision Cycles rows=0 
[mahasiswa] ok M5 Availability > Jadwal Konsultasis rows=6 
[mahasiswa] ok Master Data > Mahasiswas rows=1 
[mahasiswa] ok Master Data > Dosens rows=7 
[mahasiswa] ok Master Data > Mata Kuliahs rows=2 
[kaprodi] ok (Tanpa grup) > Dashboard rows=0 
[kaprodi] ok Jobdesk > Modul & Hak Akses rows=0 
[kaprodi] ok M4 KRS & Penjadwalan > Krs rows=2 
[kaprodi] ok M4 KRS & Penjadwalan > Jadwal Kuliahs rows=2 
[kaprodi] ok M4 KRS & Penjadwalan > Periode Krs rows=1 
[kaprodi] ok M4 KRS & Penjadwalan > Penawaran Mata Kuliahs rows=2 
[kaprodi] ok M4 KRS & Penjadwalan > Krs Details rows=4 
[kaprodi] ok M4 KRS & Penjadwalan > Krs Validation Results rows=10 
[kaprodi] ok M4 KRS & Penjadwalan > Kelas Kuliahs rows=3 
[kaprodi] ok M4 KRS & Penjadwalan > Plotting Dosens rows=2 
[kaprodi] ok M4 KRS & Penjadwalan > Jadwal Conflicts rows=0 
[kaprodi] ok M4 KRS & Penjadwalan > Jadwal Histories rows=0 
[kaprodi] ok M1 Sidang > Pendaftaran Sidangs rows=0 
[kaprodi] ok M1 Sidang > Sidang Types rows=2 
[kaprodi] ok M1 Sidang > Sidang Requirements rows=9 
[kaprodi] ok M1 Sidang > Sidang Registrations rows=2 
[kaprodi] ok M1 Sidang > Sidang Assignments rows=4 
[kaprodi] ok M1 Sidang > Sidang Schedules rows=2 
[kaprodi] ok M1 Sidang > Sidang Rubrics rows=10 
[kaprodi] ok M1 Sidang > Sidang Scores rows=10 
[kaprodi] ok M1 Sidang > Sidang Results rows=2 
[kaprodi] ok M1 Sidang > Sidang Revisions rows=1 
[kaprodi] ok M1 Sidang > Sidang Minutes rows=2 
[kaprodi] ok M2 Surat > Surats rows=4 
[kaprodi] ok M2 Surat > Approval Surat rows=6 
[kaprodi] ok M2 Surat > Verifikasi Surat rows=5 
[kaprodi] ok M2 Surat > Nomor Surat rows=3 
[kaprodi] ok M2 Surat > Dokumen Generated rows=3 
[kaprodi] ok M2 Surat > Distribusi Surat rows=2 
[kaprodi] ok M2 Surat > Arsip Surat rows=2 
[kaprodi] ok M3 Monitoring > Alerts rows=2 
[kaprodi] ok M3 Monitoring > Monitoring Snapshots rows=4 
[kaprodi] ok M3 Monitoring > Monitoring Indicator Results rows=10 
[kaprodi] ok M3 Monitoring > Alert Followups rows=1 
[kaprodi] ok M3 Monitoring > Alert Escalations rows=1 
[kaprodi] ok M6 Profiling Mahasiswa > Mahasiswa Profiles rows=1 
[kaprodi] ok M6 Profiling Mahasiswa > Cpls rows=2 
[kaprodi] ok M6 Profiling Mahasiswa > Plos rows=2 
[kaprodi] ok M6 Profiling Mahasiswa > Mahasiswa Cpl Scores rows=2 
[kaprodi] ok M6 Profiling Mahasiswa > Mahasiswa Plo Scores rows=2 
[kaprodi] ok M6 Profiling Mahasiswa > Graduate Profiles rows=2 
[kaprodi] ok M6 Profiling Mahasiswa > Skor Profil Lulusan rows=2 
[kaprodi] ok M6 Profiling Mahasiswa > Competency Gaps rows=4 
[kaprodi] ok M6 Profiling Mahasiswa > Student Recommendations rows=10 
[kaprodi] ok M6 Profiling Mahasiswa > Riwayat Rekomendasi rows=10 
[kaprodi] ok M7 Dokumen TA > Dokumen Tas rows=0 
[kaprodi] ok M7 Dokumen TA > Tugas Akhirs rows=3 
[kaprodi] ok M7 Dokumen TA > Ta Sections rows=8 
[kaprodi] ok M7 Dokumen TA > Ta Documents rows=10 
[kaprodi] ok M7 Dokumen TA > Ta Document Versions rows=10 
[kaprodi] ok M7 Dokumen TA > Ta Reviews rows=1 
[kaprodi] ok M7 Dokumen TA > Ta Comments rows=0 
[kaprodi] ok M7 Dokumen TA > Ta Approvals rows=10 
[kaprodi] ok M7 Dokumen TA > Ta Progress Logs rows=10 
[kaprodi] ok M7 Dokumen TA > Repository Items rows=2 
[kaprodi] ok M7 Dokumen TA > Revision Cycles rows=1 
[kaprodi] ok Master Data > Fakultas rows=1 
[kaprodi] ok Master Data > Program Studis rows=2 
[kaprodi] ok Master Data > Tahun Akademiks rows=1 
[kaprodi] ok Master Data > Mahasiswas rows=4 
[kaprodi] ok Master Data > Semesters rows=1 
[kaprodi] ok Master Data > Dosens rows=7 
[kaprodi] ok Master Data > Mata Kuliahs rows=2 
[kaprodi] ok Master Data > Rumpun Ilmus rows=1 
[kaprodi] ok Master Data > Kbks rows=1 
[kaprodi] ok Master Data > Kurikulums rows=1 
[kaprodi] ok M5 Profiling Dosen > Keahlians rows=5 
[kaprodi] ok M5 Profiling Dosen > Dosen Profils rows=4 
[kaprodi] ok M5 Profiling Dosen > Dosen Pendidikans rows=4 
[kaprodi] ok M5 Profiling Dosen > Dosen Sertifikasis rows=7 
[kaprodi] ok M5 Profiling Dosen > Dosen Publikasis rows=7 
[kaprodi] ok M5 Profiling Dosen > Dosen Pengalaman Industris rows=4 
[kaprodi] ok M5 Profiling Dosen > Riwayat Mengajars rows=8 
[kaprodi] ok M5 Profiling Dosen > Dosen Preferensi Mks rows=8 
[kaprodi] ok M5 Analytics > Beban Dosens rows=8 
[kaprodi] ok M5 Analytics > Matriks Kesesuaians rows=8 
[kaprodi] ok M5 Analytics > Rekomendasi Pengampus rows=10 
[kaprodi] ok M5 Availability > Jadwal Konsultasis rows=6 
[kaprodi] ok M5 Availability > Dosen Lokasis rows=4 
[dekan] ok (Tanpa grup) > Dashboard rows=0 
[dekan] ok Jobdesk > Modul & Hak Akses rows=0 
[dekan] ok M1 Sidang > Pendaftaran Sidangs rows=0 
[dekan] ok M1 Sidang > Sidang Types rows=2 
[dekan] ok M1 Sidang > Sidang Requirements rows=9 
[dekan] ok M1 Sidang > Sidang Registrations rows=2 
[dekan] ok M1 Sidang > Sidang Assignments rows=4 
[dekan] ok M1 Sidang > Sidang Schedules rows=2 
[dekan] ok M1 Sidang > Sidang Rubrics rows=10 
[dekan] ok M1 Sidang > Sidang Scores rows=10 
[dekan] ok M1 Sidang > Sidang Results rows=2 
[dekan] ok M1 Sidang > Sidang Revisions rows=1 
[dekan] ok M1 Sidang > Sidang Minutes rows=2 
[dekan] ok M2 Surat > Surats rows=4 
[dekan] ok M2 Surat > Approval Surat rows=6 
[dekan] ok M2 Surat > Verifikasi Surat rows=5 
[dekan] ok M2 Surat > Nomor Surat rows=3 
[dekan] ok M2 Surat > Dokumen Generated rows=3 
[dekan] ok M2 Surat > Distribusi Surat rows=2 
[dekan] ok M2 Surat > Arsip Surat rows=2 
[dekan] ok M3 Monitoring > Alerts rows=2 
[dekan] ok M3 Monitoring > Monitoring Snapshots rows=4 
[dekan] ok M3 Monitoring > Monitoring Indicator Results rows=10 
[dekan] ok M3 Monitoring > Alert Followups rows=1 
[dekan] ok M3 Monitoring > Alert Escalations rows=1 
[dekan] ok M6 Profiling Mahasiswa > Mahasiswa Profiles rows=1 
[dekan] ok M6 Profiling Mahasiswa > Cpls rows=2 
[dekan] ok M6 Profiling Mahasiswa > Plos rows=2 
[dekan] ok M6 Profiling Mahasiswa > Mahasiswa Cpl Scores rows=2 
[dekan] ok M6 Profiling Mahasiswa > Mahasiswa Plo Scores rows=2 
[dekan] ok M6 Profiling Mahasiswa > Graduate Profiles rows=2 
[dekan] ok M6 Profiling Mahasiswa > Skor Profil Lulusan rows=2 
[dekan] ok M6 Profiling Mahasiswa > Competency Gaps rows=4 
[dekan] ok M6 Profiling Mahasiswa > Student Recommendations rows=10 
[dekan] ok M6 Profiling Mahasiswa > Riwayat Rekomendasi rows=10 
[dekan] ok M7 Dokumen TA > Dokumen Tas rows=0 
[dekan] ok M7 Dokumen TA > Tugas Akhirs rows=3 
[dekan] ok M7 Dokumen TA > Ta Sections rows=8 
[dekan] ok M7 Dokumen TA > Ta Documents rows=10 
[dekan] ok M7 Dokumen TA > Ta Document Versions rows=10 
[dekan] ok M7 Dokumen TA > Ta Reviews rows=1 
[dekan] ok M7 Dokumen TA > Ta Comments rows=0 
[dekan] ok M7 Dokumen TA > Ta Approvals rows=10 
[dekan] ok M7 Dokumen TA > Ta Progress Logs rows=10 
[dekan] ok M7 Dokumen TA > Repository Items rows=2 
[dekan] ok M7 Dokumen TA > Revision Cycles rows=1 
[dekan] ok Master Data > Fakultas rows=1 
[dekan] ok Master Data > Program Studis rows=2 
[dekan] ok Master Data > Tahun Akademiks rows=1 
[dekan] ok Master Data > Mahasiswas rows=4 
[dekan] ok Master Data > Semesters rows=1 
[dekan] ok Master Data > Dosens rows=7 
[dekan] ok Master Data > Mata Kuliahs rows=2 
[dekan] ok Master Data > Kurikulums rows=1 
[dekan] ok M4 KRS & Penjadwalan > Periode Krs rows=1 
[dekan] ok M4 KRS & Penjadwalan > Penawaran Mata Kuliahs rows=2 
[dekan] ok M4 KRS & Penjadwalan > Krs Details rows=4 
[dekan] ok M4 KRS & Penjadwalan > Krs Validation Results rows=10 
[dekan] ok M4 KRS & Penjadwalan > Kelas Kuliahs rows=3 
[dekan] ok M4 KRS & Penjadwalan > Plotting Dosens rows=2 
[dekan] ok M4 KRS & Penjadwalan > Jadwal Conflicts rows=0 
[dekan] ok M4 KRS & Penjadwalan > Jadwal Histories rows=0 
[dekan] ok M5 Profiling Dosen > Keahlians rows=5 
[dekan] ok M5 Profiling Dosen > Dosen Profils rows=4 
[dekan] ok M5 Profiling Dosen > Dosen Pendidikans rows=4 
[dekan] ok M5 Profiling Dosen > Dosen Sertifikasis rows=7 
[dekan] ok M5 Profiling Dosen > Dosen Publikasis rows=7 
[dekan] ok M5 Profiling Dosen > Dosen Pengalaman Industris rows=4 
[dekan] ok M5 Profiling Dosen > Riwayat Mengajars rows=8 
[dekan] ok M5 Analytics > Beban Dosens rows=8 
[dekan] ok M5 Analytics > Matriks Kesesuaians rows=8 
[dekan] ok M5 Analytics > Rekomendasi Pengampus rows=10 
[dekan] ok M5 Availability > Jadwal Konsultasis rows=6 
[wd] ok (Tanpa grup) > Dashboard rows=0 
[wd] ok Jobdesk > Modul & Hak Akses rows=0 
[wd] ok M1 Sidang > Pendaftaran Sidangs rows=0 
[wd] ok M1 Sidang > Sidang Types rows=2 
[wd] ok M1 Sidang > Sidang Requirements rows=9 
[wd] ok M1 Sidang > Sidang Registrations rows=2 
[wd] ok M1 Sidang > Sidang Assignments rows=4 
[wd] ok M1 Sidang > Sidang Schedules rows=2 
[wd] ok M1 Sidang > Sidang Rubrics rows=10 
[wd] ok M1 Sidang > Sidang Scores rows=10 
[wd] ok M1 Sidang > Sidang Results rows=2 
[wd] ok M1 Sidang > Sidang Revisions rows=1 
[wd] ok M1 Sidang > Sidang Minutes rows=2 
[wd] ok M2 Surat > Surats rows=4 
[wd] ok M2 Surat > Approval Surat rows=6 
[wd] ok M2 Surat > Verifikasi Surat rows=5 
[wd] ok M2 Surat > Nomor Surat rows=3 
[wd] ok M2 Surat > Dokumen Generated rows=3 
[wd] ok M2 Surat > Distribusi Surat rows=2 
[wd] ok M2 Surat > Arsip Surat rows=2 
[wd] ok M3 Monitoring > Alerts rows=2 
[wd] ok M3 Monitoring > Monitoring Snapshots rows=4 
[wd] ok M3 Monitoring > Monitoring Indicator Results rows=10 
[wd] ok M3 Monitoring > Alert Followups rows=1 
[wd] ok M3 Monitoring > Alert Escalations rows=1 
[wd] ok M6 Profiling Mahasiswa > Mahasiswa Profiles rows=1 
[wd] ok M6 Profiling Mahasiswa > Cpls rows=2 
[wd] ok M6 Profiling Mahasiswa > Plos rows=2 
[wd] ok M6 Profiling Mahasiswa > Mahasiswa Cpl Scores rows=2 
[wd] ok M6 Profiling Mahasiswa > Mahasiswa Plo Scores rows=2 
[wd] ok M6 Profiling Mahasiswa > Graduate Profiles rows=2 
[wd] ok M6 Profiling Mahasiswa > Skor Profil Lulusan rows=2 
[wd] ok M6 Profiling Mahasiswa > Competency Gaps rows=4 
[wd] ok M6 Profiling Mahasiswa > Student Recommendations rows=10 
[wd] ok M6 Profiling Mahasiswa > Riwayat Rekomendasi rows=10 
[wd] ok M7 Dokumen TA > Dokumen Tas rows=0 
[wd] ok M7 Dokumen TA > Tugas Akhirs rows=3 
[wd] ok M7 Dokumen TA > Ta Sections rows=8 
[wd] ok M7 Dokumen TA > Ta Documents rows=10 
[wd] ok M7 Dokumen TA > Ta Document Versions rows=10 
[wd] ok M7 Dokumen TA > Ta Reviews rows=1 
[wd] ok M7 Dokumen TA > Ta Comments rows=0 
[wd] ok M7 Dokumen TA > Ta Approvals rows=10 
[wd] ok M7 Dokumen TA > Ta Progress Logs rows=10 
[wd] ok M7 Dokumen TA > Repository Items rows=2 
[wd] ok M7 Dokumen TA > Revision Cycles rows=1 
[wd] ok Master Data > Fakultas rows=1 
[wd] ok Master Data > Program Studis rows=2 
[wd] ok Master Data > Tahun Akademiks rows=1 
[wd] ok Master Data > Mahasiswas rows=4 
[wd] ok Master Data > Semesters rows=1 
[wd] ok Master Data > Dosens rows=7 
[wd] ok Master Data > Mata Kuliahs rows=2 
[wd] ok Master Data > Kurikulums rows=1 
[wd] ok M4 KRS & Penjadwalan > Periode Krs rows=1 
[wd] ok M4 KRS & Penjadwalan > Penawaran Mata Kuliahs rows=2 
[wd] ok M4 KRS & Penjadwalan > Krs Details rows=4 
[wd] ok M4 KRS & Penjadwalan > Krs Validation Results rows=10 
[wd] ok M4 KRS & Penjadwalan > Kelas Kuliahs rows=3 
[wd] ok M4 KRS & Penjadwalan > Plotting Dosens rows=2 
[wd] ok M4 KRS & Penjadwalan > Jadwal Conflicts rows=0 
[wd] ok M4 KRS & Penjadwalan > Jadwal Histories rows=0 
[wd] ok M5 Profiling Dosen > Keahlians rows=5 
[wd] ok M5 Profiling Dosen > Dosen Profils rows=4 
[wd] ok M5 Profiling Dosen > Dosen Pendidikans rows=4 
[wd] ok M5 Profiling Dosen > Dosen Sertifikasis rows=7 
[wd] ok M5 Profiling Dosen > Dosen Publikasis rows=7 
[wd] ok M5 Profiling Dosen > Dosen Pengalaman Industris rows=4 
[wd] ok M5 Profiling Dosen > Riwayat Mengajars rows=8 
[wd] ok M5 Analytics > Beban Dosens rows=8 
[wd] ok M5 Analytics > Matriks Kesesuaians rows=8 
[wd] ok M5 Analytics > Rekomendasi Pengampus rows=10 
[wd] ok M5 Availability > Jadwal Konsultasis rows=6 
[kbk] ok (Tanpa grup) > Dashboard rows=0 
[kbk] ok Jobdesk > Modul & Hak Akses rows=0 
[kbk] ok M5 Profiling Dosen > Keahlians rows=5 
[kbk] ok M5 Profiling Dosen > Dosen Profils rows=4 
[kbk] ok M5 Profiling Dosen > Dosen Pendidikans rows=4 
[kbk] ok M5 Profiling Dosen > Dosen Sertifikasis rows=7 
[kbk] ok M5 Profiling Dosen > Dosen Publikasis rows=7 
[kbk] ok M5 Profiling Dosen > Dosen Pengalaman Industris rows=4 
[kbk] ok M5 Profiling Dosen > Riwayat Mengajars rows=8 
[kbk] ok M5 Profiling Dosen > Dosen Preferensi Mks rows=8 
[kbk] ok M5 Analytics > Beban Dosens rows=8 
[kbk] ok M5 Analytics > Matriks Kesesuaians rows=8 
[kbk] ok M5 Analytics > Rekomendasi Pengampus rows=10 
[kbk] ok M5 Availability > Jadwal Konsultasis rows=6 
[kbk] ok M5 Availability > Dosen Lokasis rows=4 
[kbk] ok Master Data > Dosens rows=7 
[kbk] ok Master Data > Mata Kuliahs rows=2 
[kbk] ok Master Data > Rumpun Ilmus rows=1 
[kbk] ok Master Data > Kbks rows=1 
[lpm] ok (Tanpa grup) > Dashboard rows=0 
[lpm] ok Jobdesk > Modul & Hak Akses rows=0 
[lpm] ok M3 Monitoring > Alerts rows=2 
[lpm] ok M3 Monitoring > Monitoring Snapshots rows=4 
[lpm] ok M3 Monitoring > Monitoring Indicator Results rows=10 
[lpm] ok M3 Monitoring > Alert Followups rows=1 
[lpm] ok M3 Monitoring > Alert Escalations rows=1 
[lpm] ok M6 Profiling Mahasiswa > Mahasiswa Profiles rows=1 
[lpm] ok M6 Profiling Mahasiswa > Cpls rows=2 
[lpm] ok M6 Profiling Mahasiswa > Plos rows=2 
[lpm] ok M6 Profiling Mahasiswa > Mahasiswa Cpl Scores rows=2 
[lpm] ok M6 Profiling Mahasiswa > Mahasiswa Plo Scores rows=2 
[lpm] ok M6 Profiling Mahasiswa > Graduate Profiles rows=2 
[lpm] ok M6 Profiling Mahasiswa > Skor Profil Lulusan rows=2 
[lpm] ok M6 Profiling Mahasiswa > Competency Gaps rows=4 
[lpm] ok M6 Profiling Mahasiswa > Student Recommendations rows=10 
[lpm] ok M6 Profiling Mahasiswa > Riwayat Rekomendasi rows=10 
[lpm] ok M7 Dokumen TA > Dokumen Tas rows=0 
[lpm] ok M7 Dokumen TA > Tugas Akhirs rows=3 
[lpm] ok M7 Dokumen TA > Ta Sections rows=8 
[lpm] ok M7 Dokumen TA > Ta Documents rows=10 
[lpm] ok M7 Dokumen TA > Ta Document Versions rows=10 
[lpm] ok M7 Dokumen TA > Ta Reviews rows=1 
[lpm] ok M7 Dokumen TA > Ta Comments rows=0 
[lpm] ok M7 Dokumen TA > Ta Approvals rows=10 
[lpm] ok M7 Dokumen TA > Ta Progress Logs rows=10 
[lpm] ok M7 Dokumen TA > Repository Items rows=2 
[lpm] ok M7 Dokumen TA > Revision Cycles rows=1 
[lpm] ok M1 Sidang > Sidang Types rows=2 
[lpm] ok M1 Sidang > Sidang Requirements rows=9 
[lpm] ok M1 Sidang > Sidang Registrations rows=2 
[lpm] ok M1 Sidang > Sidang Assignments rows=4 
[lpm] ok M1 Sidang > Sidang Schedules rows=2 
[lpm] ok M1 Sidang > Sidang Rubrics rows=10 
[lpm] ok M1 Sidang > Sidang Scores rows=10 
[lpm] ok M1 Sidang > Sidang Results rows=2 
[lpm] ok M1 Sidang > Sidang Revisions rows=1 
[lpm] ok M1 Sidang > Sidang Minutes rows=2 
[lpm] ok Master Data > Mahasiswas rows=4 
[lpm] ok Master Data > Dosens rows=7 
[baak] ok (Tanpa grup) > Dashboard rows=0 
[baak] ok Jobdesk > Modul & Hak Akses rows=0 
[baak] ok M1 Sidang > Pendaftaran Sidangs rows=0 
[baak] ok M1 Sidang > Sidang Types rows=2 
[baak] ok M1 Sidang > Sidang Requirements rows=9 
[baak] ok M1 Sidang > Sidang Registrations rows=2 
[baak] ok M1 Sidang > Sidang Assignments rows=4 
[baak] ok M1 Sidang > Sidang Schedules rows=2 
[baak] ok M1 Sidang > Sidang Rubrics rows=10 
[baak] ok M1 Sidang > Sidang Scores rows=10 
[baak] ok M1 Sidang > Sidang Results rows=2 
[baak] ok M1 Sidang > Sidang Revisions rows=1 
[baak] ok M1 Sidang > Sidang Minutes rows=2 
[baak] ok M3 Monitoring > Alerts rows=2 
[baak] ok M3 Monitoring > Monitoring Snapshots rows=4 
[baak] ok M3 Monitoring > Monitoring Indicator Results rows=10 
[baak] ok M3 Monitoring > Alert Followups rows=1 
[baak] ok M3 Monitoring > Alert Escalations rows=1 
[baak] ok M6 Profiling Mahasiswa > Mahasiswa Profiles rows=1 
[baak] ok M6 Profiling Mahasiswa > Cpls rows=2 
[baak] ok M6 Profiling Mahasiswa > Plos rows=2 
[baak] ok M6 Profiling Mahasiswa > Mahasiswa Cpl Scores rows=2 
[baak] ok M6 Profiling Mahasiswa > Mahasiswa Plo Scores rows=2 
[baak] ok M6 Profiling Mahasiswa > Graduate Profiles rows=2 
[baak] ok M6 Profiling Mahasiswa > Skor Profil Lulusan rows=2 
[baak] ok M6 Profiling Mahasiswa > Competency Gaps rows=4 
[baak] ok M6 Profiling Mahasiswa > Student Recommendations rows=10 
[baak] ok M6 Profiling Mahasiswa > Riwayat Rekomendasi rows=10 
[baak] ok M7 Dokumen TA > Dokumen Tas rows=0 
[baak] ok M7 Dokumen TA > Tugas Akhirs rows=3 
[baak] ok M7 Dokumen TA > Ta Sections rows=8 
[baak] ok M7 Dokumen TA > Ta Documents rows=10 
[baak] ok M7 Dokumen TA > Ta Document Versions rows=10 
[baak] ok M7 Dokumen TA > Ta Reviews rows=1 
[baak] ok M7 Dokumen TA > Ta Comments rows=0 
[baak] ok M7 Dokumen TA > Ta Approvals rows=10 
[baak] ok M7 Dokumen TA > Ta Progress Logs rows=10 
[baak] ok M7 Dokumen TA > Repository Items rows=2 
[baak] ok M7 Dokumen TA > Revision Cycles rows=1 
[baak] ok Master Data > Mahasiswas rows=4 
[kalab] ok (Tanpa grup) > Dashboard rows=0 
[kalab] ok Jobdesk > Modul & Hak Akses rows=0 
[kalab] ok M5 Profiling Dosen > Keahlians rows=5 
[kalab] ok M5 Profiling Dosen > Dosen Profils rows=4 
[kalab] ok M5 Profiling Dosen > Dosen Pendidikans rows=4 
[kalab] ok M5 Profiling Dosen > Dosen Sertifikasis rows=7 
[kalab] ok M5 Profiling Dosen > Dosen Publikasis rows=7 
[kalab] ok M5 Profiling Dosen > Dosen Pengalaman Industris rows=4 
[kalab] ok M5 Profiling Dosen > Riwayat Mengajars rows=8 
[kalab] ok M5 Analytics > Beban Dosens rows=8 
[kalab] ok M5 Analytics > Matriks Kesesuaians rows=8 
[kalab] ok M5 Analytics > Rekomendasi Pengampus rows=10 
[kalab] ok M5 Availability > Jadwal Konsultasis rows=6 
[kalab] ok Master Data > Mahasiswas rows=4 
[kalab] ok Master Data > Dosens rows=7 
[kalab] ok Master Data > Mata Kuliahs rows=2 
saved /home/kumadz/Documents/Project/sifakueu/docs/manual-guides/v2/crawl.json
